

Sun Feb 20 18:47:09 2022
Command line: TestDisk

TestDisk 7.1, Data Recovery Utility, July 2019
Christophe GRENIER <grenier@cgsecurity.org>
https://www.cgsecurity.org
OS: Linux, kernel 5.4.0-97-generic (#110-Ubuntu SMP Thu Jan 13 18:22:13 UTC 2022) x86_64
Compiler: GCC 9.2
ext2fs lib: 1.45.5, ntfs lib: libntfs-3g, reiserfs lib: none, ewf lib: none, curses lib: ncurses 6.1
/dev/sda: LBA, LBA48 support
/dev/sda: size       55736320 sectors
/dev/sda: user_max   55736320 sectors
Warning: can't get size for Disk /dev/mapper/control - 0 B - 0 sectors, sector size=512
/dev/mapper/ubuntu--vg-ubuntu--lv: LBA, LBA48 support
/dev/mapper/ubuntu--vg-ubuntu--lv: size       53624832 sectors
/dev/mapper/ubuntu--vg-ubuntu--lv: user_max   55736320 sectors
/dev/dm-0: LBA, LBA48 support
/dev/dm-0: size       53624832 sectors
/dev/dm-0: user_max   55736320 sectors
Warning: can't get size for Disk /dev/loop7 - 0 B - 0 sectors, sector size=512
Hard disk list
Disk /dev/sda - 28 GB / 26 GiB - CHS 3469 255 63, sector size=512 - VBOX HARDDISK, S/N:VB98c342ce-0e563cef, FW:1.0
Disk /dev/mapper/ubuntu--vg-ubuntu--lv - 27 GB / 25 GiB - 53624832 sectors, sector size=512 - VBOX HARDDISK, S/N:VB98c342ce-0e563cef, FW:1.0
Disk /dev/dm-0 - 27 GB / 25 GiB - 53624832 sectors, sector size=512 - VBOX HARDDISK, S/N:VB98c342ce-0e563cef, FW:1.0
Disk /dev/loop0 - 58 MB / 55 MiB - 113640 sectors (RO), sector size=512
Disk /dev/loop1 - 64 MB / 61 MiB - 126784 sectors (RO), sector size=512
Disk /dev/loop2 - 58 MB / 55 MiB - 113680 sectors (RO), sector size=512
Disk /dev/loop3 - 64 MB / 61 MiB - 126792 sectors (RO), sector size=512
Disk /dev/loop4 - 70 MB / 67 MiB - 137712 sectors (RO), sector size=512
Disk /dev/loop5 - 70 MB / 67 MiB - 137704 sectors (RO), sector size=512
Disk /dev/loop6 - 45 MB / 43 MiB - 89264 sectors (RO), sector size=512

Partition table type (auto): None
Disk /dev/mapper/ubuntu--vg-ubuntu--lv - 27 GB / 25 GiB - VBOX HARDDISK
Partition table type: None

Interface Advanced

recover_EXT2: s_block_group_nr=0/204, s_mnt_count=36/4294967295, s_blocks_per_group=32768, s_inodes_per_group=8192
recover_EXT2: s_blocksize=4096
recover_EXT2: s_blocks_count 6703104
recover_EXT2: part_size 53624832
Filesystem created: Mon Oct 25 17:34:18 2021
Last mount time:    Sun Feb 20 06:46:58 2022
   P ext4                           0   53624831   53624832
     ext4 blocksize=4096 Large_file Sparse_SB Recover, 27 GB / 25 GiB


dir_partition inode=2
   P ext4                           0   53624831   53624832
     ext4 blocksize=4096 Large_file Sparse_SB Recover, 27 GB / 25 GiB
Directory /
       2 drwxr-xr-x     0      0      4096 18-Feb-2022 19:20 .
       2 drwxr-xr-x     0      0      4096 18-Feb-2022 19:20 ..
      11 drwx------     0      0     16384 25-Oct-2021 17:34 lost+found
 1048577 drwxr-xr-x     0      0      4096 25-Oct-2021 17:34 boot
      12 lrwxrwxrwx     0      0         7 24-Aug-2021 08:41 bin
      13 lrwxrwxrwx     0      0         7 24-Aug-2021 08:41 lib
      14 lrwxrwxrwx     0      0         9 24-Aug-2021 08:41 lib32
      15 lrwxrwxrwx     0      0         9 24-Aug-2021 08:41 lib64
      16 lrwxrwxrwx     0      0        10 24-Aug-2021 08:41 libx32
      17 lrwxrwxrwx     0      0         8 24-Aug-2021 08:41 sbin
  786433 drwxr-xr-x     0      0      4096 24-Aug-2021 08:47 dev
  131073 drwxr-xr-x     0      0      4096 18-Feb-2022 17:31 etc
  262145 drwxr-xr-x     0      0      4096  2-Feb-2022 12:33 home
  655361 drwxr-xr-x     0      0      4096 24-Aug-2021 08:42 media
  393217 drwxr-xr-x     0      0      4096 24-Aug-2021 08:42 mnt
  917505 drwxr-xr-x     0      0      4096 18-Feb-2022 19:36 opt
  655362 drwxr-xr-x     0      0      4096 15-Apr-2020 11:09 proc
  131074 drwx------     0      0      4096 20-Feb-2022 08:48 root
 1048578 drwxr-xr-x     0      0      4096 24-Aug-2021 08:48 run
  262146 drwxr-xr-x     0      0      4096  4-Nov-2021 12:45 snap
  393218 drwxr-xr-x     0      0      4096 24-Aug-2021 08:42 srv
  786434 drwxr-xr-x     0      0      4096 15-Apr-2020 11:09 sys
  917506 drwxrwxrwt     0      0      4096 20-Feb-2022 18:21 tmp
  655363 drwxr-xr-x     0      0      4096 24-Aug-2021 08:46 usr
  786435 drwxr-xr-x     0      0      4096 17-Jan-2022 11:35 var
  524289 drwxr-xr-x     0      0      4096 25-Oct-2021 17:35 cdrom
    2822 -rw-------     0      0 2873098240 25-Oct-2021 17:37 swap.img
X     20 -rw-r--r--     0      0         0 20-Feb-2022 18:21 .ismount-test-file

dir_partition inode=262145
   P ext4                           0   53624831   53624832
     ext4 blocksize=4096 Large_file Sparse_SB Recover, 27 GB / 25 GiB
Directory /home
  262145 drwxr-xr-x     0      0      4096  2-Feb-2022 12:33 .
       2 drwxr-xr-x     0      0      4096 18-Feb-2022 19:20 ..
  269866 drwxr-xr-x  1000   1000      4096 20-Feb-2022 18:44 test
  555205 drwxr-xr-x  1001   1001      4096  2-Feb-2022 12:33 ruslan

dir_partition inode=269866
   P ext4                           0   53624831   53624832
     ext4 blocksize=4096 Large_file Sparse_SB Recover, 27 GB / 25 GiB
Directory /home/test
  269866 drwxr-xr-x  1000   1000      4096 20-Feb-2022 18:44 .
  262145 drwxr-xr-x     0      0      4096  2-Feb-2022 12:33 ..
  269867 -rw-r--r--  1000   1000      3771 25-Feb-2020 12:03 .bashrc
  269868 -rw-r--r--  1000   1000       807 25-Feb-2020 12:03 .profile
  269869 -rw-r--r--  1000   1000       220 25-Feb-2020 12:03 .bash_logout
  269873 drwx------  1000   1000      4096  2-Nov-2021 11:41 .cache
  269875 -rw-r--r--  1000   1000         0 25-Oct-2021 19:36 .sudo_as_admin_successful
  278739 -rw-rw-r--  1000   1000        28  1-Feb-2022 19:54 test.txt
  269885 drwxrwxr-x  1000   1000      4096 25-Oct-2021 20:40 .local
  269899 drwx------  1000   1000      4096 24-Jan-2022 14:35 .config
  269901 -rw-rw-r--  1000   1000        66  2-Nov-2021 11:41 .selected_editor
  269902 -rw-------  1000   1000     10782 19-Feb-2022 10:48 .bash_history
  269883 drwxrwxr-x  1000   1000      4096 19-Feb-2022 19:49 system
 1052959 drwxr-xr-x     0      0      4096  8-Feb-2022 17:21 monitor
  278745 -rw-r--r--     0      0      1165 15-Jan-2022 17:45 docker-compose-back.yml
  687775 drwxr-xr-x     0      0      4096 19-Feb-2022 19:49 dev
  286555 -rwxrwxr-x  1000   1000       396  5-Feb-2022 17:18 users.py
  262215 drwxr-xr-x  1000    998      4096 20-Feb-2022 12:30 .kube
  262167 drwxrwxr-x  1000   1000      4096 13-Feb-2022 16:48 .minikube
  262334 -rw-rw-r--  1000    998         0 13-Feb-2022 17:11 deploy.yml
  262267 -rw-rw-r--  1000    998         0 13-Feb-2022 16:59 .deploy.yml.swp
  262162 drwxrwxr-x  1000    998      4096 13-Feb-2022 18:49 kub
  262307 -rw-rw-r--  1000   1000  46587904 15-Feb-2022 11:31 kubectl
  262366 drwxrwxr-x  1000   1000      4096 16-Feb-2022 18:38 kuber
  262468 drwxrwxr-x  1000   1000      4096 20-Feb-2022 08:36 scheme_back
  262525 drwxrwxr-x  1000   1000      4096 20-Feb-2022 09:09 mongo
  267046 -rw-------  1000   1000       100 20-Feb-2022 06:48 .Xauthority
  262526 -rw-------  1000   1000         0 18-Feb-2022 17:32 .mongorc.js
  262528 -rw-------  1000   1000        62 18-Feb-2022 18:10 .dbshell
  262471 drwxr-xr-x     0      0      4096 20-Feb-2022 08:47 _data
  262432 drwxrwxr-x  1000   1000      4096 20-Feb-2022 18:32 scheme
  287374 drwxrwxr-x  1000   1000      4096 19-Feb-2022 14:40 scheme_front
  288045 drwxrwxr-x  1000   1000      4096 20-Feb-2022 09:11 schem_fr
  288057 drwxrwxr-x  1000   1000      4096 20-Feb-2022 18:40 nginx
  262652 drwxr-xr-x     0      0      4096 20-Feb-2022 18:37 home
  262717 drwxr-xr-x     0      0      4096 20-Feb-2022 18:47 pop
  267121 -rw-rw-r--  1000   1000        49 20-Feb-2022 08:39 .gitconfig
  262718 -rw-r--r--     0      0      8569 20-Feb-2022 18:44 testdisk.log

dir_partition inode=262432
   P ext4                           0   53624831   53624832
     ext4 blocksize=4096 Large_file Sparse_SB Recover, 27 GB / 25 GiB
Directory /home/test/scheme
  262432 drwxrwxr-x  1000   1000      4096 20-Feb-2022 18:32 .
  269866 drwxr-xr-x  1000   1000      4096 20-Feb-2022 18:44 ..
  262631 drwxr-xr-x     0      0      4096 20-Feb-2022 18:32 home
  262355 drwxrwxr-x  1000   1000      4096 20-Feb-2022 18:16 test
  262447 -rw-rw-r--  1000   1000      8569 20-Feb-2022 18:42 testdisk.log
Directory /home/test
  269866 drwxr-xr-x  1000   1000      4096 20-Feb-2022 18:44 .
  262145 drwxr-xr-x     0      0      4096  2-Feb-2022 12:33 ..
  269867 -rw-r--r--  1000   1000      3771 25-Feb-2020 12:03 .bashrc
  269868 -rw-r--r--  1000   1000       807 25-Feb-2020 12:03 .profile
  269869 -rw-r--r--  1000   1000       220 25-Feb-2020 12:03 .bash_logout
  269873 drwx------  1000   1000      4096  2-Nov-2021 11:41 .cache
  269875 -rw-r--r--  1000   1000         0 25-Oct-2021 19:36 .sudo_as_admin_successful
  278739 -rw-rw-r--  1000   1000        28  1-Feb-2022 19:54 test.txt
  269885 drwxrwxr-x  1000   1000      4096 25-Oct-2021 20:40 .local
  269899 drwx------  1000   1000      4096 24-Jan-2022 14:35 .config
  269901 -rw-rw-r--  1000   1000        66  2-Nov-2021 11:41 .selected_editor
  269902 -rw-------  1000   1000     10782 19-Feb-2022 10:48 .bash_history
  269883 drwxrwxr-x  1000   1000      4096 19-Feb-2022 19:49 system
 1052959 drwxr-xr-x     0      0      4096  8-Feb-2022 17:21 monitor
  278745 -rw-r--r--     0      0      1165 15-Jan-2022 17:45 docker-compose-back.yml
  687775 drwxr-xr-x     0      0      4096 19-Feb-2022 19:49 dev
  286555 -rwxrwxr-x  1000   1000       396  5-Feb-2022 17:18 users.py
  262215 drwxr-xr-x  1000    998      4096 20-Feb-2022 12:30 .kube
  262167 drwxrwxr-x  1000   1000      4096 13-Feb-2022 16:48 .minikube
  262334 -rw-rw-r--  1000    998         0 13-Feb-2022 17:11 deploy.yml
  262267 -rw-rw-r--  1000    998         0 13-Feb-2022 16:59 .deploy.yml.swp
  262162 drwxrwxr-x  1000    998      4096 13-Feb-2022 18:49 kub
  262307 -rw-rw-r--  1000   1000  46587904 15-Feb-2022 11:31 kubectl
  262366 drwxrwxr-x  1000   1000      4096 16-Feb-2022 18:38 kuber
  262468 drwxrwxr-x  1000   1000      4096 20-Feb-2022 08:36 scheme_back
  262525 drwxrwxr-x  1000   1000      4096 20-Feb-2022 09:09 mongo
  267046 -rw-------  1000   1000       100 20-Feb-2022 06:48 .Xauthority
  262526 -rw-------  1000   1000         0 18-Feb-2022 17:32 .mongorc.js
  262528 -rw-------  1000   1000        62 18-Feb-2022 18:10 .dbshell
  262471 drwxr-xr-x     0      0      4096 20-Feb-2022 08:47 _data
  262432 drwxrwxr-x  1000   1000      4096 20-Feb-2022 18:32 scheme
  287374 drwxrwxr-x  1000   1000      4096 19-Feb-2022 14:40 scheme_front
  288045 drwxrwxr-x  1000   1000      4096 20-Feb-2022 09:11 schem_fr
  288057 drwxrwxr-x  1000   1000      4096 20-Feb-2022 18:40 nginx
  262652 drwxr-xr-x     0      0      4096 20-Feb-2022 18:37 home
  262717 drwxr-xr-x     0      0      4096 20-Feb-2022 18:47 pop
  267121 -rw-rw-r--  1000   1000        49 20-Feb-2022 08:39 .gitconfig
  262718 -rw-r--r--     0      0      8569 20-Feb-2022 18:44 testdisk.log

dir_partition inode=262432
   P ext4                           0   53624831   53624832
     ext4 blocksize=4096 Large_file Sparse_SB Recover, 27 GB / 25 GiB
Directory /home/test/scheme
  262432 drwxrwxr-x  1000   1000      4096 20-Feb-2022 18:32 .
  269866 drwxr-xr-x  1000   1000      4096 20-Feb-2022 18:44 ..
  262631 drwxr-xr-x     0      0      4096 20-Feb-2022 18:32 home
  262355 drwxrwxr-x  1000   1000      4096 20-Feb-2022 18:16 test
  262447 -rw-rw-r--  1000   1000      8569 20-Feb-2022 18:42 testdisk.log

dir_partition inode=262355
   P ext4                           0   53624831   53624832
     ext4 blocksize=4096 Large_file Sparse_SB Recover, 27 GB / 25 GiB
Directory /home/test/scheme/test
  262355 drwxrwxr-x  1000   1000      4096 20-Feb-2022 18:16 .
  262432 drwxrwxr-x  1000   1000      4096 20-Feb-2022 18:32 ..
X 262444 drwxrwxr-x  1000   1000      4096 20-Feb-2022 18:16 back
X 266660 -rw-r--r--     0      0         0 20-Feb-2022 08:45 .jshintrc
X 266661 -rw-r--r--     0      0         0 20-Feb-2022 08:45 .npmignore
X 266662 -rw-r--r--     0      0         0 20-Feb-2022 08:45 .travis.yml
X 266663 -rw-r--r--     0      0         0 20-Feb-2022 08:45 LICENSE
X 266664 -rw-r--r--     0      0         0 20-Feb-2022 08:45 README.md
X 266665 -rw-r--r--     0      0         0 20-Feb-2022 08:45 example.js
X 266666 drwxr-xr-x     0      0         0 20-Feb-2022 08:45 lib
X 266668 -rw-r--r--     0      0         0 20-Feb-2022 08:45 package.json
Directory /home/test/scheme
  262432 drwxrwxr-x  1000   1000      4096 20-Feb-2022 18:32 .
  269866 drwxr-xr-x  1000   1000      4096 20-Feb-2022 18:44 ..
  262631 drwxr-xr-x     0      0      4096 20-Feb-2022 18:32 home
  262355 drwxrw